// Jest Snapshot v1, https://goo.gl/fbAQLP

exports[`Step1Form renders 1`] = `
<DocumentFragment>
  <form>
    <h1>
      What is your name?
    </h1>
    <label
      for="name"
    >
      Name
    </label>
    <input
      data-testid="input-name"
      name="name"
      value=""
    />
    <div
      class="navigation"
    >
      <button
        class="navigationRight"
        data-testid="button-next"
        type="submit"
      >
        Next
      </button>
    </div>
  </form>
</DocumentFragment>
`;
